---
source: tap_core/tests/rav_test.rs
expression: receipts
---
[
  {
    "message": {
      "allocation_id": "0xabababababababababababababababababababab",
      "payer": "0x0000000000000000000000000000000000000000",
      "data_service": "0x0000000000000000000000000000000000000000",
      "service_provider": "0x0000000000000000000000000000000000000000",
      "timestamp_ns": 1000000050,
      "nonce": 50,
      "value": "0x32"
    },
    "signature": {
      "r": "0x598d7cafa9645ac65e9f8a6c3834f36baee13b887c341dd09b5f92615bd6a11d",
      "s": "0x32410495bbcd25ba972396b74a2a6148da6f8ed7a89a6ae21ae87313fcce3ffb",
      "yParity": "0x0",
      "v": "0x0"
    }
  },
  {
    "message": {
      "allocation_id": "0xabababababababababababababababababababab",
      "payer": "0x0000000000000000000000000000000000000000",
      "data_service": "0x0000000000000000000000000000000000000000",
      "service_provider": "0x0000000000000000000000000000000000000000",
      "timestamp_ns": 1000000051,
      "nonce": 51,
      "value": "0x33"
    },
    "signature": {
      "r": "0x5d9e36393ff0a43e096af18bddded1a5194fd731f215a3deb2f88c401894f175",
      "s": "0x720ec0c96bfb9bf149c27df7b6a62b1634fc0aa942074a7b7b5cc7c149e53181",
      "yParity": "0x1",
      "v": "0x1"
    }
  },
  {
    "message": {
      "allocation_id": "0xabababababababababababababababababababab",
      "payer": "0x0000000000000000000000000000000000000000",
      "data_service": "0x0000000000000000000000000000000000000000",
      "service_provider": "0x0000000000000000000000000000000000000000",
      "timestamp_ns": 1000000052,
      "nonce": 52,
      "value": "0x34"
    },
    "signature": {
      "r": "0x9dc0db0a9b27d0379f2f94d5ddd58e67525db6eff39f292c431a45d08cfa704e",
      "s": "0x183dd49a895219314283c20d850aa59b06539a1399d80e81d6b5c251bf3c9061",
      "yParity": "0x0",
      "v": "0x0"
    }
  },
  {
    "message": {
      "allocation_id": "0xabababababababababababababababababababab",
      "payer": "0x0000000000000000000000000000000000000000",
      "data_service": "0x0000000000000000000000000000000000000000",
      "service_provider": "0x0000000000000000000000000000000000000000",
      "timestamp_ns": 1000000053,
      "nonce": 53,
      "value": "0x35"
    },
    "signature": {
      "r": "0xb813aaa57768feea8f7aed2112a10deece693def87418140e67eb0b9bd8024a7",
      "s": "0x6748e6144879fcd01608e66ad117d7fbd2cca0f47e14058a89dc61afc5a10acd",
      "yParity": "0x0",
      "v": "0x0"
    }
  },
  {
    "message": {
      "allocation_id": "0xabababababababababababababababababababab",
      "payer": "0x0000000000000000000000000000000000000000",
      "data_service": "0x0000000000000000000000000000000000000000",
      "service_provider": "0x0000000000000000000000000000000000000000",
      "timestamp_ns": 1000000054,
      "nonce": 54,
      "value": "0x36"
    },
    "signature": {
      "r": "0xaa2edc4947e70dd58dc40870ad8af320fb8bc448fed4f3a661c3bde075b10db8",
      "s": "0x6d8ac6b91a3fbcefabcf87b6d07c49b8f69994243b548f51558389c935a2079e",
      "yParity": "0x1",
      "v": "0x1"
    }
  },
  {
    "message": {
      "allocation_id": "0xabababababababababababababababababababab",
      "payer": "0x0000000000000000000000000000000000000000",
      "data_service": "0x0000000000000000000000000000000000000000",
      "service_provider": "0x0000000000000000000000000000000000000000",
      "timestamp_ns": 1000000055,
      "nonce": 55,
      "value": "0x37"
    },
    "signature": {
      "r": "0xc48d72476911826acadb88bf6e8042e32532ef44d80dfec4cd67cbb1252a9829",
      "s": "0x752fc77426fe4aa0eba0409d866ffa72fc9351ac1627ca4c0f67d626d4045e48",
      "yParity": "0x0",
      "v": "0x0"
    }
  },
  {
    "message": {
      "allocation_id": "0xabababababababababababababababababababab",
      "payer": "0x0000000000000000000000000000000000000000",
      "data_service": "0x0000000000000000000000000000000000000000",
      "service_provider": "0x0000000000000000000000000000000000000000",
      "timestamp_ns": 1000000056,
      "nonce": 56,
      "value": "0x38"
    },
    "signature": {
      "r": "0xbe8e91c2fc53ed4decfae0a02649fc029463d5e38f16bab537c915f52e13ff77",
      "s": "0x3e65f3cdc5dea626307728430bbc11eba5529781ddb903ded691be1b0c75917e",
      "yParity": "0x1",
      "v": "0x1"
    }
  },
  {
    "message": {
      "allocation_id": "0xabababababababababababababababababababab",
      "payer": "0x0000000000000000000000000000000000000000",
      "data_service": "0x0000000000000000000000000000000000000000",
      "service_provider": "0x0000000000000000000000000000000000000000",
      "timestamp_ns": 1000000057,
      "nonce": 57,
      "value": "0x39"
    },
    "signature": {
      "r": "0x1d3672ecb9721dc8787af90bb12d5f09d961d33ae89b8b15b9ee8a492a09fe1d",
      "s": "0x164828da427829888a430110a49fe20bbd13076959ae91d6c001732fe7d33c45",
      "yParity": "0x1",
      "v": "0x1"
    }
  },
  {
    "message": {
      "allocation_id": "0xabababababababababababababababababababab",
      "payer": "0x0000000000000000000000000000000000000000",
      "data_service": "0x0000000000000000000000000000000000000000",
      "service_provider": "0x0000000000000000000000000000000000000000",
      "timestamp_ns": 1000000058,
      "nonce": 58,
      "value": "0x3a"
    },
    "signature": {
      "r": "0x533acf762d392711a0887370ac40da601d55a9e9fc3f4416d935ff69403cb31f",
      "s": "0x172b4bc377ea7337eb0af260f28704daef630c148161e1254491a43781bb2dba",
      "yParity": "0x1",
      "v": "0x1"
    }
  },
  {
    "message": {
      "allocation_id": "0xabababababababababababababababababababab",
      "payer": "0x0000000000000000000000000000000000000000",
      "data_service": "0x0000000000000000000000000000000000000000",
      "service_provider": "0x0000000000000000000000000000000000000000",
      "timestamp_ns": 1000000059,
      "nonce": 59,
      "value": "0x3b"
    },
    "signature": {
      "r": "0x1ab9bc3b61e2faef9d631a8ee765a591da784dbad5eed6672a4c369b5d25e178",
      "s": "0x1535c22e79fba81e19d0d69cf29dfcf5b6b2faf3fa5203a6285aecd6dfb9af03",
      "yParity": "0x0",
      "v": "0x0"
    }
  }
]
