---
source: tap_core/tests/rav_test.rs
expression: signed_rav
---
{
  "message": {
    "collectionId": "0xabababababababababababababababababababababababababababababababab",
    "payer": "0x0000000000000000000000000000000000000000",
    "dataService": "0x0000000000000000000000000000000000000000",
    "serviceProvider": "0x0000000000000000000000000000000000000000",
    "timestampNs": 1000000059,
    "valueAggregate": "0x221",
    "metadata": "0x"
  },
  "signature": {
    "r": "0x6536579e6d148e8eee763cb53570c2af72f885c7b59ac760f5e4721e9ee0a145",
    "s": "0x6419933b3ac1996b4687a9138650b0f36f7639f317f08cc34018e286878c216b",
    "yParity": "0x1",
    "v": "0x1"
  }
}
